[    0.0s] loading data
[    0.5s] train=100445 test=25382
[    0.5s] null deviance on test = 4.01172
[    0.6s] gate=root K=2 tr_reach=100445 te_reach=25382
[    0.7s] gate=tto K=3 tr_reach=33128 te_reach=8523
[    0.7s] gate=contact K=3 tr_reach=67317 te_reach=16859
[    0.7s] gate=out K=2 tr_reach=36639 te_reach=9012
[    0.8s] gate=hit K=4 tr_reach=26390 te_reach=6805
[    0.8s] dispatching 5 gates to worker processes
[gate=tto    0.0s] n_bat=741 n_pit=1144 tr_n=33128 te_n=8523
[gate=tto    0.0s] inner split itr=26329 ival=6799
[gate=root    0.1s] n_bat=758 n_pit=1181 tr_n=100445 te_n=25382
[gate=tto    0.1s] structural-only val_dev=1.73897
[gate=root    0.2s] inner split itr=80299 ival=20146
[gate=contact    0.1s] n_bat=748 n_pit=1169 tr_n=67317 te_n=16859
[gate=out    0.0s] n_bat=740 n_pit=1148 tr_n=36639 te_n=9012
[gate=contact    0.1s] inner split itr=53970 ival=13347
[gate=out    0.1s] inner split itr=29301 ival=7338
[gate=root    0.3s] structural-only val_dev=1.27927
[gate=hit    0.1s] n_bat=703 n_pit=1121 tr_n=26390 te_n=6805
[gate=hit    0.1s] inner split itr=21238 ival=5152
[gate=out    0.2s] structural-only val_dev=1.38008
[gate=contact    0.4s] structural-only val_dev=1.74504
[gate=hit    0.6s] structural-only val_dev=1.86225
[gate=out    2.5s] CV d=1 lambda=8 val_dev=1.37443 (2.3s)
[gate=tto    2.9s] CV d=1 lambda=8 val_dev=1.73062 (2.7s)
[gate=hit    4.0s] CV d=1 lambda=8 val_dev=1.86853 (3.4s)
[gate=out    4.5s] CV d=1 lambda=15 val_dev=1.36339 (2.0s)
[gate=root    4.8s] CV d=1 lambda=8 val_dev=1.26141 (4.5s)
[gate=tto    5.6s] CV d=1 lambda=15 val_dev=1.71172 (2.7s)
[gate=out    5.7s] CV d=1 lambda=25 val_dev=1.35641 (1.2s)
[gate=contact    6.6s] CV d=1 lambda=8 val_dev=1.76204 (6.3s)
[gate=out    6.7s] CV d=1 lambda=40 val_dev=1.35427 (1.0s)
[gate=hit    6.8s] CV d=1 lambda=15 val_dev=1.85344 (2.8s)
[gate=tto    7.5s] CV d=1 lambda=25 val_dev=1.70154 (2.0s)
[gate=out    7.6s] CV d=1 lambda=60 val_dev=1.35915 (0.9s)
[gate=out    8.2s] CV d=1 lambda=90 val_dev=1.37510 (0.6s)
[gate=out    8.2s] selected d*=1 lambda*=40 (val_dev=1.35427)
[gate=out    8.3s] structural-only test_dev=1.37790
[gate=hit    8.3s] CV d=1 lambda=25 val_dev=1.84694 (1.5s)
[gate=tto    8.7s] CV d=1 lambda=40 val_dev=1.70108 (1.2s)
[gate=root    9.0s] CV d=1 lambda=15 val_dev=1.25823 (4.2s)
[gate=hit    9.4s] CV d=1 lambda=40 val_dev=1.84926 (1.1s)
[gate=out    9.7s] final restart 0 test_dev=1.35260 penloss=24394.89 (1.4s)
[gate=tto   10.0s] CV d=1 lambda=60 val_dev=1.71329 (1.2s)
[gate=hit    9.8s] CV d=1 lambda=60 val_dev=1.86201 (0.4s)
[gate=tto   10.3s] CV d=1 lambda=90 val_dev=1.73839 (0.3s)
[gate=hit   10.1s] CV d=1 lambda=90 val_dev=1.86225 (0.3s)
[gate=out   10.6s] final restart 1 test_dev=1.35261 penloss=24394.87 (0.9s)
[gate=contact   11.8s] CV d=1 lambda=15 val_dev=1.75559 (5.2s)
[gate=out   11.9s] final restart 2 test_dev=1.35260 penloss=24394.89 (1.3s)
[gate=root   13.2s] CV d=1 lambda=25 val_dev=1.25523 (4.2s)
[gate=out   13.3s] final restart 3 test_dev=1.35260 penloss=24394.89 (1.3s)
[gate=tto   14.2s] CV d=2 lambda=8 val_dev=1.73164 (3.9s)
[gate=hit   14.4s] CV d=2 lambda=8 val_dev=1.89736 (4.3s)
[gate=out   14.7s] final restart 4 test_dev=1.35260 penloss=24394.89 (1.5s)
[gate=contact   15.6s] CV d=1 lambda=25 val_dev=1.75002 (3.8s)
[gate=root   16.1s] CV d=1 lambda=40 val_dev=1.25338 (2.9s)
[gate=out   15.9s] final restart 5 test_dev=1.35257 penloss=24394.80 (1.2s)
[gate=tto   17.1s] CV d=2 lambda=15 val_dev=1.70141 (2.8s)
[gate=out   17.2s] final restart 6 test_dev=1.35258 penloss=24394.93 (1.3s)
[gate=out   17.2s] restart spread=0.000032 canonical seed=5 test_dev=1.35257
[gate=hit   17.2s] CV d=2 lambda=15 val_dev=1.86143 (2.8s)
[gate=contact   17.9s] CV d=1 lambda=40 val_dev=1.74571 (2.4s)
[gate=out   18.3s] DIPS batter-only test_dev=1.36802
[gate=root   18.5s] CV d=1 lambda=60 val_dev=1.25355 (2.5s)
[gate=hit   18.9s] CV d=2 lambda=25 val_dev=1.84643 (1.7s)
[gate=contact   19.3s] CV d=1 lambda=60 val_dev=1.74349 (1.3s)
[gate=out   19.2s] DIPS pitcher-only test_dev=1.36363
[   20.3s] gate=out DONE in 19.2s d*=1 lambda*=40 both_test=1.35257
[gate=tto   19.5s] CV d=2 lambda=25 val_dev=1.69235 (2.4s)
[gate=hit   19.6s] CV d=2 lambda=40 val_dev=1.84914 (0.7s)
[gate=contact   20.2s] CV d=1 lambda=90 val_dev=1.74436 (0.9s)
[gate=hit   20.3s] CV d=2 lambda=60 val_dev=1.85931 (0.7s)
[gate=tto   21.0s] CV d=2 lambda=40 val_dev=1.70079 (1.4s)
[gate=hit   20.7s] CV d=2 lambda=90 val_dev=1.86225 (0.5s)
[gate=root   21.0s] CV d=1 lambda=90 val_dev=1.25683 (2.5s)
[gate=root   21.0s] selected d*=1 lambda*=40 (val_dev=1.25338)
[gate=root   21.3s] structural-only test_dev=1.27637
[gate=tto   21.9s] CV d=2 lambda=60 val_dev=1.71301 (0.9s)
[gate=tto   22.6s] CV d=2 lambda=90 val_dev=1.73716 (0.7s)
[gate=tto   22.6s] selected d*=2 lambda*=25 (val_dev=1.69235)
[gate=tto   22.8s] structural-only test_dev=1.71685
[gate=hit   25.5s] CV d=3 lambda=8 val_dev=1.89747 (4.8s)
[gate=tto   25.8s] final restart 0 test_dev=1.66565 penloss=27132.13 (3.0s)
[gate=contact   28.0s] CV d=2 lambda=8 val_dev=1.77540 (7.8s)
[gate=root   28.1s] final restart 0 test_dev=1.24911 penloss=61515.82 (6.8s)
[gate=hit   28.4s] CV d=3 lambda=15 val_dev=1.86106 (2.9s)
[gate=tto   28.8s] final restart 1 test_dev=1.66565 penloss=27132.06 (3.1s)
[gate=hit   30.4s] CV d=3 lambda=25 val_dev=1.84672 (2.0s)
[gate=hit   31.3s] CV d=3 lambda=40 val_dev=1.84912 (0.9s)
[gate=tto   31.7s] final restart 2 test_dev=1.66565 penloss=27131.90 (2.9s)
[gate=hit   32.0s] CV d=3 lambda=60 val_dev=1.85939 (0.7s)
[gate=hit   32.4s] CV d=3 lambda=90 val_dev=1.86225 (0.4s)
[gate=hit   32.4s] selected d*=2 lambda*=25 (val_dev=1.84643)
[gate=contact   32.8s] CV d=2 lambda=15 val_dev=1.75959 (4.9s)
[gate=hit   32.8s] structural-only test_dev=1.88242
[gate=tto   35.0s] final restart 3 test_dev=1.66564 penloss=27132.10 (3.3s)
[gate=hit   35.6s] final restart 0 test_dev=1.86840 penloss=23809.68 (2.9s)
[gate=root   36.4s] final restart 1 test_dev=1.24911 penloss=61515.86 (8.2s)
[gate=contact   36.6s] CV d=2 lambda=25 val_dev=1.74954 (3.7s)
[gate=hit   38.0s] final restart 1 test_dev=1.86840 penloss=23809.61 (2.4s)
[gate=contact   39.2s] CV d=2 lambda=40 val_dev=1.74554 (2.6s)
[gate=hit   40.4s] final restart 2 test_dev=1.86840 penloss=23809.64 (2.3s)
[gate=tto   40.7s] final restart 4 test_dev=1.66565 penloss=27131.99 (5.7s)
[gate=contact   41.5s] CV d=2 lambda=60 val_dev=1.74350 (2.3s)
[gate=root   42.6s] final restart 2 test_dev=1.24911 penloss=61515.90 (6.2s)
[gate=hit   42.7s] final restart 3 test_dev=1.86840 penloss=23809.67 (2.3s)
[gate=contact   43.4s] CV d=2 lambda=90 val_dev=1.74414 (1.9s)
[gate=contact   43.4s] selected d*=1 lambda*=60 (val_dev=1.74349)
[gate=contact   43.8s] structural-only test_dev=1.74666
[gate=tto   43.9s] final restart 5 test_dev=1.66569 penloss=27132.10 (3.2s)
[gate=hit   45.0s] final restart 4 test_dev=1.86840 penloss=23809.60 (2.3s)
[gate=tto   46.9s] final restart 6 test_dev=1.66565 penloss=27131.95 (3.0s)
[gate=tto   46.9s] restart spread=0.000047 canonical seed=2 test_dev=1.66565
[gate=contact   47.0s] final restart 0 test_dev=1.74475 penloss=58412.48 (3.2s)
[gate=hit   47.2s] final restart 5 test_dev=1.86841 penloss=23809.53 (2.2s)
[gate=root   48.0s] final restart 3 test_dev=1.24911 penloss=61515.68 (5.4s)
[gate=tto   48.3s] DIPS batter-only test_dev=1.68986
[gate=contact   49.2s] final restart 1 test_dev=1.74475 penloss=58412.56 (2.2s)
[gate=hit   49.1s] final restart 6 test_dev=1.86840 penloss=23809.59 (1.9s)
[gate=hit   49.1s] restart spread=0.000010 canonical seed=5 test_dev=1.86841
[gate=tto   50.3s] DIPS pitcher-only test_dev=1.68984
[   51.2s] gate=tto DONE in 50.3s d*=2 lambda*=25 both_test=1.66565
[gate=hit   50.4s] DIPS batter-only test_dev=1.86302
[gate=hit   51.1s] DIPS pitcher-only test_dev=1.88921
[   52.3s] gate=hit DONE in 51.1s d*=2 lambda*=25 both_test=1.86841
[gate=contact   51.3s] final restart 2 test_dev=1.74475 penloss=58412.57 (2.1s)
[gate=root   52.2s] final restart 4 test_dev=1.24911 penloss=61515.82 (4.2s)
[gate=contact   52.4s] final restart 3 test_dev=1.74475 penloss=58412.55 (1.1s)
[gate=contact   53.4s] final restart 4 test_dev=1.74475 penloss=58412.52 (1.0s)
[gate=contact   54.3s] final restart 5 test_dev=1.74475 penloss=58412.56 (1.0s)
[gate=root   54.6s] final restart 5 test_dev=1.24910 penloss=61515.59 (2.4s)
[gate=contact   55.3s] final restart 6 test_dev=1.74475 penloss=58412.56 (0.9s)
[gate=contact   55.3s] restart spread=0.000007 canonical seed=0 test_dev=1.74475
[gate=contact   56.3s] DIPS batter-only test_dev=1.74545
[gate=root   56.6s] final restart 6 test_dev=1.24914 penloss=61516.76 (2.0s)
[gate=root   56.6s] restart spread=0.000039 canonical seed=5 test_dev=1.24910
[gate=contact   57.0s] DIPS pitcher-only test_dev=1.74573
[   58.0s] gate=contact DONE in 57.0s d*=1 lambda*=60 both_test=1.74475
[gate=root   58.0s] DIPS batter-only test_dev=1.26450
[gate=root   59.4s] DIPS pitcher-only test_dev=1.26097
[   60.4s] gate=root DONE in 59.4s d*=1 lambda*=40 both_test=1.24910
[   60.4s] JOINT test deviance = 3.948456  (null=4.01172)
[   60.4s] wrote result.json
[   60.4s] wrote latent.npz
[   60.4s] TOTAL runtime = 60.4s
