
==================================================================
BATTERS  (using 5 non-degenerate axes; sv=[5.493, 3.333, 2.79, 1.558, 0.922])

  PA >= 50:  n=508
    GMM BIC best k        : 2   (null picks k=1 in 100% of reps)
    BIC gain over k=1     : 99.1   null 0.0+-0.0   z=+99142484880767.38
    best silhouette       : 0.1573 at k=7   null 0.1529+-0.0045   z=+0.98
    Hopkins               : 0.7230   null 0.6832+-0.0178   z=+2.23
    gap statistic by k    : k2:-0.021  k3:-0.017  k4:-0.016  k5:-0.006  k6:+0.008  k7:+0.010

  PA >= 100:  n=388
    GMM BIC best k        : 1   (null picks k=1 in 100% of reps)
    BIC gain over k=1     : 0.0   null 0.0+-0.0   z=+0.00
    best silhouette       : 0.1600 at k=9   null 0.1576+-0.0059   z=+0.41
    Hopkins               : 0.7413   null 0.6640+-0.0224   z=+3.44
    gap statistic by k    : k2:-0.017  k3:-0.013  k4:-0.011  k5:-0.002  k6:+0.010  k7:+0.008

  PA >= 200:  n=264
    GMM BIC best k        : 1   (null picks k=1 in 100% of reps)
    BIC gain over k=1     : 0.0   null 0.0+-0.0   z=+0.00
    best silhouette       : 0.1674 at k=7   null 0.1643+-0.0052   z=+0.59
    Hopkins               : 0.6853   null 0.6590+-0.0275   z=+0.95
    gap statistic by k    : k2:-0.015  k3:-0.019  k4:-0.020  k5:-0.004  k6:-0.005  k7:+0.011

==================================================================
PITCHERS  (using 5 non-degenerate axes; sv=[6.751, 5.224, 4.122, 1.525, 0.008])

  PA >= 50:  n=625
    GMM BIC best k        : 1   (null picks k=1 in 100% of reps)
    BIC gain over k=1     : 0.0   null 0.0+-0.0   z=+0.00
    best silhouette       : 0.1553 at k=7   null 0.1515+-0.0034   z=+1.11
    Hopkins               : 0.7338   null 0.6919+-0.0175   z=+2.39
    gap statistic by k    : k2:-0.013  k3:-0.012  k4:-0.002  k5:+0.010  k6:+0.011  k7:+0.016

  PA >= 100:  n=424
    GMM BIC best k        : 1   (null picks k=1 in 100% of reps)
    BIC gain over k=1     : 0.0   null 0.0+-0.0   z=+0.00
    best silhouette       : 0.1634 at k=5   null 0.1559+-0.0042   z=+1.77
    Hopkins               : 0.7012   null 0.6670+-0.0207   z=+1.65
    gap statistic by k    : k2:-0.008  k3:-0.001  k4:+0.002  k5:+0.020  k6:+0.018  k7:+0.009

  PA >= 200:  n=204
    GMM BIC best k        : 1   (null picks k=1 in 100% of reps)
    BIC gain over k=1     : 0.0   null 0.0+-0.0   z=+0.00
    best silhouette       : 0.1695 at k=2   null 0.1705+-0.0063   z=-0.16
    Hopkins               : 0.6219   null 0.6489+-0.0284   z=-0.95
    gap statistic by k    : k2:-0.002  k3:-0.012  k4:-0.032  k5:-0.024  k6:-0.029  k7:-0.014

wrote /home/tommy/projects/baseball-coaster-data/spikes/clusters/result.json
